[public-assets.envato-static.com/assets/market/core/index-c1b9dd80e122c92c58b74628a0ca02a1d6e949a777501fdec5243b08ac169924.css]
[public-assets.envato-static.com/assets/market/pages/preview/index-004d35cdd5d555cdd3e956d1b916825642de06529f0fe91fd9f390813761d2fc.css]
[public-assets.envato-static.com/icons/themeforest.net/apple-touch-icon-72x72-precomposed.png]
[public-assets.envato-static.com/icons/themeforest.net/apple-touch-icon-114x114-precomposed.png]
[public-assets.envato-static.com/icons/themeforest.net/apple-touch-icon-144x144-precomposed.png]
[public-assets.envato-static.com/icons/themeforest.net/apple-touch-icon-precomposed.png]
[public-assets.envato-static.com/assets/market/pages/full_screen_preview/index-39fc94f50438714d8467e6c5e21895674c1ed3fb42ecf0bbda67669a448ef91e.js]
[themeforest.net/item/cleanmate-cleaning-company-maid-gardening-template/20493947.html]
[public-assets.envato-static.com/assets/market/core/standardised_google_analytics_helpers-2a0d6d0a6b9087b30b4be07688eb3acaa6d4fed95642c7ea8e010d29a5ccec5c.js]
[backblue.gif]
[fade.gif]
[index.html]
[public-assets.envato-static.com/assets/common/pagination_loader-7fb337642f4cde133550f90749ee6eeb94b0d56dce6ae041cacc18c2bae22699.gif]
[public-assets.envato-static.com/assets/market/core/index-c1b9dd80e122c92c58b74628a0ca02a1d6e949a777501fdec5243b08ac169924.css]
[public-assets.envato-static.com/assets/market/pages/preview/index-004d35cdd5d555cdd3e956d1b916825642de06529f0fe91fd9f390813761d2fc.css]
[quanticalabs.com/CleanMate/Template/index.html]
[public-assets.envato-static.com/assets/market/core/datadog-31cd5e61112f0c7c2f9671350fee5cfc4de6155c4c2ed01c6690fdae62d2c099.js]
[public-assets.envato-static.com/assets/market/core/rollbar-a86e443338a6e0f95d27d14cc8449828a6d2579281d3dc368a02c07743ab099c.js]
[themeforest.img.customer.envatousercontent.com/files/283846039/_screenshots/01_preview.__large_previewc50a.jpg]
[public-assets.envato-static.com/assets/market/pages/default/index-28fa5cf5f77d159b3bcdb3fdcb461ca6a5b6f37171a8a49dc5a364a2590bf60a.css]
[public-assets.envato-static.com/assets/market/core/head-df4183f2f1b84caa8ad6707c533e562f18a9eaae2b2e4d2081cf439c23343ad3.js]
[assets.banners.envato-static.com/header_banner/background_image/f5de229ebd.png]
[public-assets.envato-static.com/assets/common/transparent-1px-93ae7d494fad0fb30cbf3ae746a39c4bc7a0f8bbf87fbb587a3f3c01f3c5ce20.png]
[themeforest.net/item/cleanmate-cleaning-company-maid-gardening-template/reviews/20493947.html]
[themeforest.net/item/cleanmate-cleaning-company-maid-gardening-template/20493947/comments.html]
[themeforest.net/item/cleanmate-cleaning-company-maid-gardening-template/20493947/support.html]
[s3.envato.com/files/231957975/thumbnail.png]
[public-assets.envato-static.com/assets/market/core/index-de858795faed7cf9b181b2e8191f4aecf6958d50e04a933c5871e163b88bb379.js]
[public-assets.envato-static.com/assets/market/pages/default/index-8e1604cc84b5c1514f02317af295a840ba739ef5b6c6bfdaa4125d462cecb6aa.js]
[public-assets.envato-static.com/assets/market/core/lazyload-d32acbbc193ba843927175d43ecdc442a0f9dc9c4f9eca8172c201ca29cd4bab.js]
[consent.cookiebot.com/uc.js]
[themeforest.net/item/cleanmate-cleaning-company-maid-gardening-template/linkid.26.delayed]
[www.google-analytics.com/analytics.js]
[themeforest.net/item/cleanmate-cleaning-company-maid-gardening-template/20493947.html]
[quanticalabs.com/CleanMate/Template/rs-plugin/css/settings.css]
[quanticalabs.com/CleanMate/Template/style/reset.css]
[quanticalabs.com/CleanMate/Template/style/superfish.css]
[quanticalabs.com/CleanMate/Template/style/prettyPhoto.css]
[quanticalabs.com/CleanMate/Template/style/jquery.qtip.css]
[quanticalabs.com/CleanMate/Template/style/style.css]
[quanticalabs.com/CleanMate/Template/style/animations.css]
[quanticalabs.com/CleanMate/Template/style/responsive.css]
[quanticalabs.com/CleanMate/Template/style/odometer-theme-default.css]
[quanticalabs.com/CleanMate/Template/fonts/features/style.css]
[quanticalabs.com/CleanMate/Template/fonts/template/style.css]
[quanticalabs.com/CleanMate/Template/fonts/social/style.css]
[quanticalabs.com/CleanMate/Template/images/favicon.ico]
[quanticalabs.com/CleanMate/Template/images/logo.png]
[quanticalabs.com/CleanMate/Template/index9ba3.html]
[quanticalabs.com/CleanMate/Template/images/logo_transparent.png]
[quanticalabs.com/CleanMate/Template/indexff4b.html]
[quanticalabs.com/CleanMate/Template/images/slider/image_01.jpg]
[quanticalabs.com/CleanMate/Template/images/slider/image_02.jpg]
[quanticalabs.com/CleanMate/Template/images/slider/image_03.jpg]
[quanticalabs.com/CleanMate/Template/index171c.html]
[quanticalabs.com/CleanMate/Template/images/samples/480x480/image_01.jpg]
[quanticalabs.com/CleanMate/Template/index87c0.html]
[quanticalabs.com/CleanMate/Template/images/samples/480x320/image_07.jpg]
[quanticalabs.com/CleanMate/Template/images/samples/480x320/image_08.jpg]
[quanticalabs.com/CleanMate/Template/index94f6.html]
[quanticalabs.com/CleanMate/Template/images/samples/480x320/image_06.jpg]
[quanticalabs.com/CleanMate/Template/index616e.html]
[quanticalabs.com/CleanMate/Template/images/samples/480x320/image_04.jpg]
[quanticalabs.com/CleanMate/Template/images/samples/480x320/image_09.jpg]
[quanticalabs.com/CleanMate/Template/images/samples/480x320/image_10.jpg]
[quanticalabs.com/CleanMate/Template/images/samples/480x320/image_03.jpg]
[quanticalabs.com/CleanMate/Template/indexf8fd.html]
[quanticalabs.com/CleanMate/Template/images/samples/480x693/image_01.jpg]
[quanticalabs.com/CleanMate/Template/images/samples/480x320/image_01.jpg]
[quanticalabs.com/CleanMate/Template/images/samples/480x320/image_02.jpg]
[quanticalabs.com/CleanMate/Template/js/jquery-3.6.0.min.js]
[quanticalabs.com/CleanMate/Template/rs-plugin/js/jquery.themepunch.tools.min.js]
[quanticalabs.com/CleanMate/Template/index56e1.html]
[quanticalabs.com/CleanMate/Template/rs-plugin/js/jquery.themepunch.revolution.min.js]
[quanticalabs.com/CleanMate/Template/js/jquery.ba-bbq.min.js]
[quanticalabs.com/CleanMate/Template/js/jquery-ui-1.12.1.custom.min.js]
[quanticalabs.com/CleanMate/Template/index9f2b.html]
[quanticalabs.com/CleanMate/Template/indexb8c3.html]
[quanticalabs.com/CleanMate/Template/js/jquery.ui.touch-punch.min.js]
[quanticalabs.com/CleanMate/Template/index4fc3.html]
[quanticalabs.com/CleanMate/Template/js/jquery.isotope.min.js]
[quanticalabs.com/CleanMate/Template/js/jquery.easing.1.4.1.min.js]
[quanticalabs.com/CleanMate/Template/index86da.html]
[quanticalabs.com/CleanMate/Template/js/jquery.carouFredSel-6.2.1-packed.js]
[quanticalabs.com/CleanMate/Template/index827d.html]
[quanticalabs.com/CleanMate/Template/js/jquery.touchSwipe.min.js]
[quanticalabs.com/CleanMate/Template/index4d9f.html]
[quanticalabs.com/CleanMate/Template/js/jquery.transit.min.js]
[quanticalabs.com/CleanMate/Template/index6ea7.html]
[quanticalabs.com/CleanMate/Template/index8a54.html]
[quanticalabs.com/CleanMate/Template/js/jquery.timeago.js]
[quanticalabs.com/CleanMate/Template/index1533.html]
[quanticalabs.com/CleanMate/Template/js/jquery.hint.min.js]
[quanticalabs.com/CleanMate/Template/indexcd8d.html]
[quanticalabs.com/CleanMate/Template/js/jquery.costCalculator.min.js]
[quanticalabs.com/CleanMate/Template/index8908.html]
[quanticalabs.com/CleanMate/Template/js/jquery.parallax.min.js]
[quanticalabs.com/CleanMate/Template/indexbb91.html]
[quanticalabs.com/CleanMate/Template/js/jquery.prettyPhoto.js]
[quanticalabs.com/CleanMate/Template/index59ba.html]
[quanticalabs.com/CleanMate/Template/js/jquery.qtip.min.js]
[quanticalabs.com/CleanMate/Template/indexc752.html]
[quanticalabs.com/CleanMate/Template/js/jquery.blockUI.min.js]
[quanticalabs.com/CleanMate/Template/js/jquery.imagesloaded-packed.js]
[quanticalabs.com/CleanMate/Template/js/main.js]
[quanticalabs.com/CleanMate/Template/index5f0f.html]
[quanticalabs.com/CleanMate/Template/js/odometer.min.js]
[quanticalabs.com/CleanMate/Template/index6bd0.html]
[quanticalabs.com/CleanMate/Template/style_selector/style_selector.css]
[quanticalabs.com/CleanMate/Template/indexca3a.html]
[quanticalabs.com/CleanMate/Template/style_selector/style_selector.js]
[quanticalabs.com/CleanMate/Template/index.html]
[quanticalabs.com/CleanMate/Template/indexf6f2.html]
[quanticalabs.com/CleanMate/Template/index8c03.html]
[quanticalabs.com/CleanMate/Template/index914a.html]
[quanticalabs.com/CleanMate/Template/index501e.html]
[public-assets.envato-static.com/assets/market/pages/default/index-28fa5cf5f77d159b3bcdb3fdcb461ca6a5b6f37171a8a49dc5a364a2590bf60a.css]
[themeforest.net/item/cleanmate-cleaning-company-maid-gardening-template/reviews/20493947.html]
[quanticalabs.com/CleanMate/Template/indexb878.html]
[themeforest.net/item/cleanmate-cleaning-company-maid-gardening-template/20493947/comments.html]
[quanticalabs.com/CleanMate/Template/indexc23e.html]
[themeforest.net/item/cleanmate-cleaning-company-maid-gardening-template/20493947/support.html]
[themeforest.net/item/cleanmate-cleaning-company-maid-gardening-template/linkid.js]
[www.googletagmanager.com/gtm5445.html]
[quanticalabs.com/CleanMate/Template/index53a6.html]
[quanticalabs.com/CleanMate/Template/indexc6d4.html]
[quanticalabs.com/CleanMate/Template/indexc7d8.html]
[quanticalabs.com/CleanMate/Template/rs-plugin/fonts/revicons/revicons90c6.eot]
[quanticalabs.com/CleanMate/Template/rs-plugin/fonts/revicons/revicons90c6.woff]
[quanticalabs.com/CleanMate/Template/rs-plugin/fonts/revicons/revicons90c6.ttf]
[quanticalabs.com/CleanMate/Template/rs-plugin/assets/gridtile.png]
[quanticalabs.com/CleanMate/Template/rs-plugin/assets/gridtile_white.png]
[quanticalabs.com/CleanMate/Template/rs-plugin/assets/gridtile_3x3.png]
[quanticalabs.com/CleanMate/Template/rs-plugin/assets/gridtile_3x3_white.png]
[quanticalabs.com/CleanMate/Template/rs-plugin/assets/coloredbg.png]
[quanticalabs.com/CleanMate/Template/rs-plugin/assets/loader.gif]
[quanticalabs.com/CleanMate/Template/rs-plugin/css/settings.css]
[quanticalabs.com/CleanMate/Template/style/reset.css]
[quanticalabs.com/CleanMate/Template/style/superfish.css]
[quanticalabs.com/CleanMate/Template/images/prettyPhoto/default/sprite.png]
[quanticalabs.com/CleanMate/Template/images/prettyPhoto/default/sprite_x.png]
[quanticalabs.com/CleanMate/Template/images/prettyPhoto/default/sprite_y.png]
[quanticalabs.com/CleanMate/Template/images/prettyPhoto/default/sprite_next.png]
[quanticalabs.com/CleanMate/Template/images/prettyPhoto/default/sprite_prev.png]
[quanticalabs.com/CleanMate/Template/images/prettyPhoto/default/default_thumb.png]
[quanticalabs.com/CleanMate/Template/images/prettyPhoto/default/loader.gif]
[quanticalabs.com/CleanMate/Template/images/prettyPhoto/light_rounded/sprite.png]
[quanticalabs.com/CleanMate/Template/images/prettyPhoto/light_rounded/btnNext.png]
[quanticalabs.com/CleanMate/Template/images/prettyPhoto/light_rounded/btnPrevious.png]
[quanticalabs.com/CleanMate/Template/images/prettyPhoto/dark_rounded/sprite.png]
[quanticalabs.com/CleanMate/Template/images/prettyPhoto/dark_rounded/contentPattern.png]
[quanticalabs.com/CleanMate/Template/images/prettyPhoto/dark_rounded/btnNext.png]
[quanticalabs.com/CleanMate/Template/images/prettyPhoto/dark_rounded/btnPrevious.png]
[quanticalabs.com/CleanMate/Template/images/prettyPhoto/dark_rounded/loader.gif]
[quanticalabs.com/CleanMate/Template/images/prettyPhoto/dark_square/loader.gif]
[quanticalabs.com/CleanMate/Template/images/prettyPhoto/dark_square/sprite.png]
[quanticalabs.com/CleanMate/Template/images/prettyPhoto/dark_square/btnNext.png]
[quanticalabs.com/CleanMate/Template/images/prettyPhoto/dark_square/btnPrevious.png]
[quanticalabs.com/CleanMate/Template/images/prettyPhoto/light_square/sprite.png]
[quanticalabs.com/CleanMate/Template/images/prettyPhoto/light_square/btnNext.png]
[quanticalabs.com/CleanMate/Template/images/prettyPhoto/light_square/btnPrevious.png]
[quanticalabs.com/CleanMate/Template/images/prettyPhoto/facebook/sprite.png]
[quanticalabs.com/CleanMate/Template/images/prettyPhoto/facebook/contentPatternTop.png]
[quanticalabs.com/CleanMate/Template/images/prettyPhoto/facebook/contentPatternLeft.png]
[quanticalabs.com/CleanMate/Template/images/prettyPhoto/facebook/contentPatternRight.png]
[quanticalabs.com/CleanMate/Template/images/prettyPhoto/facebook/loader.gif]
[quanticalabs.com/CleanMate/Template/images/prettyPhoto/facebook/btnNext.png]
[quanticalabs.com/CleanMate/Template/images/prettyPhoto/facebook/btnPrevious.png]
[quanticalabs.com/CleanMate/Template/images/prettyPhoto/facebook/contentPatternBottom.png]
[quanticalabs.com/CleanMate/Template/images/prettyPhoto/facebook/default_thumbnail.gif]
[quanticalabs.com/CleanMate/Template/images/prettyPhoto/light_rounded/loader.gif]
[quanticalabs.com/CleanMate/Template/style/prettyPhoto.css]
[quanticalabs.com/CleanMate/Template/style/jquery.qtip.css]
[quanticalabs.com/CleanMate/Template/images/backgrounds/images/image_1.jpg]
[quanticalabs.com/CleanMate/Template/images/backgrounds/images/image_2.jpg]
[quanticalabs.com/CleanMate/Template/images/backgrounds/images/image_3.jpg]
[quanticalabs.com/CleanMate/Template/images/backgrounds/images/image_4.jpg]
[quanticalabs.com/CleanMate/Template/images/backgrounds/images/image_5.jpg]
[quanticalabs.com/CleanMate/Template/images/backgrounds/patterns/pattern_1.png]
[quanticalabs.com/CleanMate/Template/images/backgrounds/patterns/pattern_2.png]
[quanticalabs.com/CleanMate/Template/images/backgrounds/patterns/pattern_3.png]
[quanticalabs.com/CleanMate/Template/images/backgrounds/patterns/pattern_4.png]
[quanticalabs.com/CleanMate/Template/images/backgrounds/patterns/pattern_5.png]
[quanticalabs.com/CleanMate/Template/images/backgrounds/patterns/pattern_6.png]
[quanticalabs.com/CleanMate/Template/images/backgrounds/patterns/pattern_7.png]
[quanticalabs.com/CleanMate/Template/images/backgrounds/patterns/pattern_8.png]
[quanticalabs.com/CleanMate/Template/images/backgrounds/patterns/pattern_9.png]
[quanticalabs.com/CleanMate/Template/images/backgrounds/patterns/pattern_10.png]
[quanticalabs.com/CleanMate/Template/images/backgrounds/images/overlay.png]
[quanticalabs.com/CleanMate/Template/images/samples/960x750/image_01.jpg]
[quanticalabs.com/CleanMate/Template/images/samples/960x750/image_02.jpg]
[quanticalabs.com/CleanMate/Template/images/samples/960x750/image_03.jpg]
[quanticalabs.com/CleanMate/Template/images/samples/640x480/image_02.jpg]
[quanticalabs.com/CleanMate/Template/images/samples/480x480/image_02.jpg]
[quanticalabs.com/CleanMate/Template/images/samples/480x480/image_03.jpg]
[quanticalabs.com/CleanMate/Template/images/samples/1920x400/image_01.jpg]
[quanticalabs.com/CleanMate/Template/images/samples/1920x400/image_02.jpg]
[quanticalabs.com/CleanMate/Template/images/samples/1920x400/image_03.jpg]
[quanticalabs.com/CleanMate/Template/images/samples/1920x400/image_04.jpg]
[quanticalabs.com/CleanMate/Template/images/samples/1920x400/image_05.jpg]
[quanticalabs.com/CleanMate/Template/images/samples/1920x1200/image_01.jpg]
[quanticalabs.com/CleanMate/Template/images/samples/1920x1200/image_02.jpg]
[quanticalabs.com/CleanMate/Template/images/samples/1920x1200/image_03.jpg]
[quanticalabs.com/CleanMate/Template/images/samples/1920x1200/image_04.jpg]
[quanticalabs.com/CleanMate/Template/images/samples/90x90/users/image_01.png]
[quanticalabs.com/CleanMate/Template/images/samples/90x90/users/image_02.png]
[quanticalabs.com/CleanMate/Template/images/samples/90x90/users/image_03.png]
[quanticalabs.com/CleanMate/Template/images/samples/90x90/users/image_04.png]
[quanticalabs.com/CleanMate/Template/images/samples/90x90/users/image_05.png]
[quanticalabs.com/CleanMate/Template/images/samples/90x90/users/image_06.png]
[quanticalabs.com/CleanMate/Template/images/samples/90x90/users/image_07.png]
[quanticalabs.com/CleanMate/Template/images/samples/90x90/users/image_08.png]
[quanticalabs.com/CleanMate/Template/images/preloader.gif]
[quanticalabs.com/CleanMate/Template/images/close.png]
[quanticalabs.com/CleanMate/Template/style/style.css]
[quanticalabs.com/CleanMate/Template/style/animations.css]
[quanticalabs.com/CleanMate/Template/style/responsive.css]
[quanticalabs.com/CleanMate/Template/style/odometer-theme-default.css]
[quanticalabs.com/CleanMate/Template/fonts/features/fonts/features.eot]
[quanticalabs.com/CleanMate/Template/fonts/features/fonts/features.ttf]
[quanticalabs.com/CleanMate/Template/fonts/features/fonts/features.woff]
[quanticalabs.com/CleanMate/Template/fonts/features/style.css]
[quanticalabs.com/CleanMate/Template/fonts/template/fonts/template.eot]
[quanticalabs.com/CleanMate/Template/fonts/template/fonts/template.ttf]
[quanticalabs.com/CleanMate/Template/fonts/template/fonts/template.woff]
[quanticalabs.com/CleanMate/Template/fonts/template/style.css]
[quanticalabs.com/CleanMate/Template/fonts/social/fonts/social.eot]
[quanticalabs.com/CleanMate/Template/fonts/social/fonts/social.ttf]
[quanticalabs.com/CleanMate/Template/fonts/social/fonts/social.woff]
[quanticalabs.com/CleanMate/Template/fonts/social/style.css]
[quanticalabs.com/CleanMate/Template/index9ba3.html]
[quanticalabs.com/CleanMate/Template/images/samples/480x693/image_02.jpg]
[quanticalabs.com/CleanMate/Template/images/samples/480x320/image_05.jpg]
[quanticalabs.com/CleanMate/Template/images/samples/260x260/image_01.jpg]
[quanticalabs.com/CleanMate/Template/images/samples/260x260/image_02.jpg]
[quanticalabs.com/CleanMate/Template/images/samples/260x260/image_03.jpg]
[quanticalabs.com/CleanMate/Template/images/logos/logo_01.png]
[quanticalabs.com/CleanMate/Template/index8b69.html]
[quanticalabs.com/CleanMate/Template/images/logos/logo_02.png]
[quanticalabs.com/CleanMate/Template/images/logos/logo_04.png]
[quanticalabs.com/CleanMate/Template/images/logos/logo_03.png]
[quanticalabs.com/CleanMate/Template/images/logos/logo_05.png]
[quanticalabs.com/CleanMate/Template/images/logos/logo_06.png]
[quanticalabs.com/CleanMate/Template/indexff4b.html]
[quanticalabs.com/CleanMate/Template/index6d8f.html]
[quanticalabs.com/CleanMate/Template/images/samples/640x480/image_03.jpg]
[quanticalabs.com/CleanMate/Template/images/samples/370x246/image_04.jpg]
[quanticalabs.com/CleanMate/Template/images/samples/370x246/image_05.jpg]
[quanticalabs.com/CleanMate/Template/index171c.html]
[quanticalabs.com/CleanMate/Template/images/logos/logo_07.png]
[quanticalabs.com/CleanMate/Template/images/logos/logo_08.png]
[quanticalabs.com/CleanMate/Template/images/logos/logo_10.png]
[quanticalabs.com/CleanMate/Template/images/logos/logo_09.png]
[quanticalabs.com/CleanMate/Template/images/logos/logo_11.png]
[quanticalabs.com/CleanMate/Template/images/logos/logo_12.png]
[quanticalabs.com/CleanMate/Template/index87c0.html]
[quanticalabs.com/CleanMate/Template/images/samples/370x246/image_07.jpg]
[quanticalabs.com/CleanMate/Template/images/samples/370x246/image_08.jpg]
[quanticalabs.com/CleanMate/Template/images/samples/370x246/image_06.jpg]
[quanticalabs.com/CleanMate/Template/images/samples/370x246/image_09.jpg]
[quanticalabs.com/CleanMate/Template/images/samples/370x246/image_10.jpg]
[quanticalabs.com/CleanMate/Template/index94f6.html]
[quanticalabs.com/CleanMate/Template/index616e.html]
[quanticalabs.com/CleanMate/Template/images/samples/480x320/image_16.jpg]
[quanticalabs.com/CleanMate/Template/indexf8fd.html]
[quanticalabs.com/CleanMate/Template/images/samples/370x246/image_01.jpg]
[quanticalabs.com/CleanMate/Template/images/samples/370x246/image_02.jpg]
[quanticalabs.com/CleanMate/Template/images/samples/370x246/image_03.jpg]
[quanticalabs.com/CleanMate/Template/index56e1.html]
[quanticalabs.com/CleanMate/Template/images/samples/370x246/image_16.jpg]
[quanticalabs.com/CleanMate/Template/images/samples/870x400/image_06.jpg]
[quanticalabs.com/CleanMate/Template/index9f2b.html]
[quanticalabs.com/CleanMate/Template/images/samples/260x260/image_04.jpg]
[quanticalabs.com/CleanMate/Template/images/samples/260x260/image_05.jpg]
[quanticalabs.com/CleanMate/Template/images/samples/260x260/image_06.jpg]
[quanticalabs.com/CleanMate/Template/indexb8c3.html]
[quanticalabs.com/CleanMate/Template/index4fc3.html]
[quanticalabs.com/CleanMate/Template/index86da.html]
[quanticalabs.com/CleanMate/Template/index827d.html]
[quanticalabs.com/CleanMate/Template/index4d9f.html]
[quanticalabs.com/CleanMate/Template/index6ea7.html]
[quanticalabs.com/CleanMate/Template/index8a54.html]
[quanticalabs.com/CleanMate/Template/index1533.html]
[quanticalabs.com/CleanMate/Template/images/samples/480x320/image_15.jpg]
[quanticalabs.com/CleanMate/Template/indexcd8d.html]
[quanticalabs.com/CleanMate/Template/index8908.html]
[quanticalabs.com/CleanMate/Template/images/samples/480x320/image_13.jpg]
[quanticalabs.com/CleanMate/Template/indexbb91.html]
[quanticalabs.com/CleanMate/Template/images/samples/870x400/image_01.jpg]
[quanticalabs.com/CleanMate/Template/index59ba.html]
[quanticalabs.com/CleanMate/Template/images/samples/370x246/image_15.jpg]
[quanticalabs.com/CleanMate/Template/images/samples/870x400/image_05.jpg]
[quanticalabs.com/CleanMate/Template/indexc752.html]
[quanticalabs.com/CleanMate/Template/index5f0f.html]
[quanticalabs.com/CleanMate/Template/images/samples/870x400/image_04.jpg]
[quanticalabs.com/CleanMate/Template/images/samples/480x320/image_11.jpg]
[quanticalabs.com/CleanMate/Template/images/samples/370x246/image_11.jpg]
[quanticalabs.com/CleanMate/Template/index6bd0.html]
[quanticalabs.com/CleanMate/Template/images/samples/870x400/image_03.jpg]
[quanticalabs.com/CleanMate/Template/indexca3a.html]
[quanticalabs.com/CleanMate/Template/images/samples/870x400/image_02.jpg]
[quanticalabs.com/CleanMate/Template/images/samples/90x90/image_01.jpg]
[quanticalabs.com/CleanMate/Template/index337b.html]
[quanticalabs.com/CleanMate/Template/images/samples/90x90/image_02.jpg]
[quanticalabs.com/CleanMate/Template/images/samples/90x90/image_03.jpg]
[quanticalabs.com/CleanMate/Template/images/samples/90x90/image_04.jpg]
[quanticalabs.com/CleanMate/Template/images/samples/90x90/image_05.jpg]
[quanticalabs.com/CleanMate/Template/index718a.html]
[quanticalabs.com/CleanMate/Template/images/samples/90x90/image_06.jpg]
[quanticalabs.com/CleanMate/Template/indexf6f2.html]
[quanticalabs.com/CleanMate/Template/index6d1f.html]
[quanticalabs.com/CleanMate/Template/indexbe8c.html]
[quanticalabs.com/CleanMate/Template/images/samples/480x320/image_12.jpg]
[quanticalabs.com/CleanMate/Template/index8c03.html]
[quanticalabs.com/CleanMate/Template/index7c6e.html]
[quanticalabs.com/CleanMate/Template/indexb300.html]
[quanticalabs.com/CleanMate/Template/images/samples/480x320/image_14.jpg]
[quanticalabs.com/CleanMate/Template/index914a.html]
[quanticalabs.com/CleanMate/Template/index501e.html]
[quanticalabs.com/CleanMate/Template/indexb878.html]
[quanticalabs.com/CleanMate/Template/indexc23e.html]
[quanticalabs.com/CleanMate/Template/index53a6.html]
[quanticalabs.com/CleanMate/Template/indexc6d4.html]
[quanticalabs.com/CleanMate/Template/indexc7d8.html]
[quanticalabs.com/CleanMate/Template/style_selector/images/config.png]
[quanticalabs.com/CleanMate/Template/style_selector/images/pattern_1.png]
[quanticalabs.com/CleanMate/Template/style_selector/images/pattern_2.png]
[quanticalabs.com/CleanMate/Template/style_selector/images/pattern_3.png]
[quanticalabs.com/CleanMate/Template/style_selector/images/pattern_4.png]
[quanticalabs.com/CleanMate/Template/style_selector/images/pattern_5.png]
[quanticalabs.com/CleanMate/Template/style_selector/images/pattern_6.png]
[quanticalabs.com/CleanMate/Template/style_selector/images/pattern_7.png]
[quanticalabs.com/CleanMate/Template/style_selector/images/pattern_8.png]
[quanticalabs.com/CleanMate/Template/style_selector/images/pattern_9.png]
[quanticalabs.com/CleanMate/Template/style_selector/images/pattern_10.png]
[quanticalabs.com/CleanMate/Template/style_selector/images/image_1.png]
[quanticalabs.com/CleanMate/Template/style_selector/images/image_2.png]
[quanticalabs.com/CleanMate/Template/style_selector/images/image_3.png]
[quanticalabs.com/CleanMate/Template/style_selector/images/image_4.png]
[quanticalabs.com/CleanMate/Template/style_selector/images/image_5.png]
[quanticalabs.com/CleanMate/Template/style_selector/images/tick.png]
[quanticalabs.com/CleanMate/Template/style_selector/style_selector.css]
[public-assets.envato-static.com/images/down.png]
[quanticalabs.com/CleanMate/Template/rs-plugin/fonts/revicons/revicons90c6.svg]
[quanticalabs.com/CleanMate/Template/rs-plugin/css/openhand.html]
[quanticalabs.com/CleanMate/Template/rs-plugin/css/closedhand.html]
[quanticalabs.com/CleanMate/Template/fonts/features/fonts/features.svg]
[quanticalabs.com/CleanMate/Template/fonts/template/fonts/template.svg]
[quanticalabs.com/CleanMate/Template/fonts/social/fonts/social.svg]
[quanticalabs.com/CleanMate/Template/index8b69.html]
[quanticalabs.com/CleanMate/Template/index6d8f.html]
[quanticalabs.com/CleanMate/Template/images/samples/870x580/image_03.html]
[quanticalabs.com/CleanMate/Template/images/samples/870x580/image_15.html]
[quanticalabs.com/CleanMate/Template/index337b.html]
[quanticalabs.com/CleanMate/Template/index718a.html]
[quanticalabs.com/CleanMate/Template/index6d1f.html]
[quanticalabs.com/CleanMate/Template/indexbe8c.html]
[quanticalabs.com/CleanMate/Template/index7c6e.html]
[quanticalabs.com/CleanMate/Template/indexb300.html]
[quanticalabs.com/CleanMate/Template/images/samples/90x90/image_08.html]
